---
source: src/ui/tests/golden.rs
expression: "text(&frame(&App::new(Vec::new()), WIDTH, HEIGHT))"
---
 eks │ no cluster
┌ Clusters ────────────────────┐┌ Overview ────────────────────────────────────────────────────────┐
│                              ││No clusters in your kubeconfig. Run `aws eks update-kubeconfig    │
│                              ││--name <cluster>`.                                                │
│                              ││                                                                  │
│                              ││                                                                  │
│                              ││                                                                  │
│                              ││                                                                  │
│                              ││                                                                  │
│                              ││                                                                  │
│                              ││                                                                  │
│                              ││                                                                  │
│                              ││                                                                  │
│                              ││                                                                  │
│                              ││                                                                  │
│                              ││                                                                  │
│                              ││                                                                  │
│                              ││                                                                  │
│                              ││                                                                  │
│                              ││                                                                  │
│                              ││                                                                  │
│                              ││                                                                  │
└──────────────────────────────┘└──────────────────────────────────────────────────────────────────┘
 tab/→ switch/drill   j/k move   enter open   ←/esc back   r refresh   s/S sort   q quit   / filter
